12:48:06 **** Incremental Build of configuration Debug for project MPU6050 ****
make -j8 all 
arm-none-eabi-gcc "../Core/Src/main.c" -mcpu=cortex-m3 -std=gnu11 -g3 -DUSE_HAL_DRIVER -DSTM32F103xB -DDEBUG -c -I../Core/Inc -I../Drivers/STM32F1xx_HAL_Driver/Inc -I../Drivers/STM32F1xx_HAL_Driver/Inc/Legacy -I../Drivers/CMSIS/Device/ST/STM32F1xx/Include -I../Drivers/CMSIS/Include -O0 -ffunction-sections -fdata-sections -Wall -fstack-usage -MMD -MP -MF"Core/Src/main.d" -MT"Core/Src/main.o" --specs=nano.specs -mfloat-abi=soft -mthumb -o "Core/Src/main.o"
arm-none-eabi-gcc -o "MPU6050.elf" @"objects.list"   -mcpu=cortex-m3 -T"C:\Users\bakialmaci\Desktop\Projects\ARM\Arm-Cortex\MPU6050\STM32F103C8TX_FLASH.ld" --specs=nosys.specs -Wl,-Map="MPU6050.map" -Wl,--gc-sections -static --specs=nano.specs -mfloat-abi=soft -mthumb -Wl,--start-group -lc -lm -Wl,--end-group
Finished building target: MPU6050.elf
 
arm-none-eabi-objdump -h -S  MPU6050.elf  > "MPU6050.list"
arm-none-eabi-objcopy  -O binary  MPU6050.elf  "MPU6050.bin"
arm-none-eabi-size   MPU6050.elf 
   text	   data	    bss	    dec	    hex	filename
  17996	     20	   1692	  19708	   4cfc	MPU6050.elf
Finished building: default.size.stdout
 
Finished building: MPU6050.bin
 
Finished building: MPU6050.list
 
12:48:28 **** Incremental Build of configuration Debug for project MPU6050 ****
make -j8 all 
arm-none-eabi-size   MPU6050.elf 
   text	   data	    bss	    dec	    hex	filename
  17996	     20	   1692	  19708	   4cfc	MPU6050.elf
Finished building: default.size.stdout
 
13:07:15 **** Incremental Build of configuration Debug for project MPU6050 ****
make -j8 all 
arm-none-eabi-size   MPU6050.elf 
   text	   data	    bss	    dec	    hex	filename
  17996	     20	   1692	  19708	   4cfc	MPU6050.elf
Finished building: default.size.stdout
 
