17:56:17 **** Incremental Build of configuration Debug for project GPS_TEST ****
make -j8 all 
arm-none-eabi-gcc "../Core/Src/GPS.c" -mcpu=cortex-m3 -std=gnu11 -g3 -DDEBUG -DUSE_HAL_DRIVER -DSTM32F103xB -c -I../Core/Inc -I../Drivers/STM32F1xx_HAL_Driver/Inc -I../Drivers/STM32F1xx_HAL_Driver/Inc/Legacy -I../Drivers/CMSIS/Device/ST/STM32F1xx/Include -I../Drivers/CMSIS/Include -O0 -ffunction-sections -fdata-sections -Wall -fstack-usage -MMD -MP -MF"Core/Src/GPS.d" -MT"Core/Src/GPS.o" --specs=nano.specs -mfloat-abi=soft -mthumb -o "Core/Src/GPS.o"
../Core/Src/GPS.c: In function 'GPS_Process':
../Core/Src/GPS.c:49:8: warning: unused variable 'tmp' [-Wunused-variable]
   49 |   char tmp[5];
      |        ^~~
arm-none-eabi-gcc -o "GPS_TEST.elf" @"objects.list"   -mcpu=cortex-m3 -T"C:\Users\bakialmaci\Desktop\Projects\Arm-Cortex\GPS_TEST\STM32F103C8TX_FLASH.ld" --specs=nosys.specs -Wl,-Map="GPS_TEST.map" -Wl,--gc-sections -static --specs=nano.specs -mfloat-abi=soft -mthumb -u _printf_float -u _scanf_float -Wl,--start-group -lc -lm -Wl,--end-group
Finished building target: GPS_TEST.elf
 
arm-none-eabi-objdump -h -S  GPS_TEST.elf  > "GPS_TEST.list"
arm-none-eabi-objcopy  -O binary  GPS_TEST.elf  "GPS_TEST.bin"
arm-none-eabi-size   GPS_TEST.elf 
   text	   data	    bss	    dec	    hex	filename
  30956	    488	   2080	  33524	   82f4	GPS_TEST.elf
Finished building: default.size.stdout
 
Finished building: GPS_TEST.bin
 
Finished building: GPS_TEST.list
 

17:56:19 Build Finished. 0 errors, 1 warnings. (took 1s.94ms)

